// Jest Snapshot v1, https://goo.gl/fbAQLP

exports[`it matches snapshot 1`] = `
<DocumentFragment>
  <div>
    <div
      class="BoxList-box"
    />
    <button>
      x
    </button>
  </div>
</DocumentFragment>
`;
